--------------------------------------------------------------------------------
Release 13.4 Trace  (lin64)
Copyright (c) 1995-2011 Xilinx, Inc.  All rights reserved.

/opt/Xilinx/13.4/ISE_DS/ISE/bin/lin64/unwrapped/trce -intstyle ise -v 3 -s 5 -n
3 -fastpaths -xml ripple16bit.twx ripple16bit.ncd -o ripple16bit.twr
ripple16bit.pcf

Design file:              ripple16bit.ncd
Physical constraint file: ripple16bit.pcf
Device,package,speed:     xc3s500e,fg320,-5 (PRODUCTION 1.27 2012-01-07)
Report level:             verbose report

Environment Variable      Effect 
--------------------      ------ 
NONE                      No environment variables were set
--------------------------------------------------------------------------------

INFO:Timing:2698 - No timing constraints found, doing default enumeration.
INFO:Timing:3412 - To improve timing, see the Timing Closure User Guide (UG612).
INFO:Timing:2752 - To get complete path coverage, use the unconstrained paths 
   option. All paths that are not constrained will be reported in the 
   unconstrained paths section(s) of the report.
INFO:Timing:3339 - The clock-to-out numbers in this timing report are based on 
   a 50 Ohm transmission line loading model.  For the details of this model, 
   and for more information on accounting for different loading conditions, 
   please see the device datasheet.
INFO:Timing:3390 - This architecture does not support a default System Jitter 
   value, please add SYSTEM_JITTER constraint to the UCF to modify the Clock 
   Uncertainty calculation.
INFO:Timing:3389 - This architecture does not support 'Discrete Jitter' and 
   'Phase Error' calculations, these terms will be zero in the Clock 
   Uncertainty calculation.  Please make appropriate modification to 
   SYSTEM_JITTER to account for the unsupported Discrete Jitter and Phase 
   Error.



Data Sheet report:
-----------------
All values displayed in nanoseconds (ns)

Pad to Pad
---------------+---------------+---------+
Source Pad     |Destination Pad|  Delay  |
---------------+---------------+---------+
a<0>           |c_out          |   20.211|
a<0>           |s<0>           |    6.307|
a<0>           |s<1>           |    6.653|
a<0>           |s<2>           |    8.134|
a<0>           |s<3>           |    9.155|
a<0>           |s<4>           |   10.198|
a<0>           |s<5>           |   10.821|
a<0>           |s<6>           |   11.005|
a<0>           |s<7>           |   12.358|
a<0>           |s<8>           |   13.852|
a<0>           |s<9>           |   13.723|
a<0>           |s<10>          |   15.029|
a<0>           |s<11>          |   15.530|
a<0>           |s<12>          |   17.069|
a<0>           |s<13>          |   18.673|
a<0>           |s<14>          |   19.015|
a<0>           |s<15>          |   20.584|
a<1>           |c_out          |   19.416|
a<1>           |s<1>           |    5.808|
a<1>           |s<2>           |    7.339|
a<1>           |s<3>           |    8.360|
a<1>           |s<4>           |    9.403|
a<1>           |s<5>           |   10.026|
a<1>           |s<6>           |   10.210|
a<1>           |s<7>           |   11.563|
a<1>           |s<8>           |   13.057|
a<1>           |s<9>           |   12.928|
a<1>           |s<10>          |   14.234|
a<1>           |s<11>          |   14.735|
a<1>           |s<12>          |   16.274|
a<1>           |s<13>          |   17.878|
a<1>           |s<14>          |   18.220|
a<1>           |s<15>          |   19.789|
a<2>           |c_out          |   18.256|
a<2>           |s<2>           |    6.164|
a<2>           |s<3>           |    7.200|
a<2>           |s<4>           |    8.243|
a<2>           |s<5>           |    8.866|
a<2>           |s<6>           |    9.050|
a<2>           |s<7>           |   10.403|
a<2>           |s<8>           |   11.897|
a<2>           |s<9>           |   11.768|
a<2>           |s<10>          |   13.074|
a<2>           |s<11>          |   13.575|
a<2>           |s<12>          |   15.114|
a<2>           |s<13>          |   16.718|
a<2>           |s<14>          |   17.060|
a<2>           |s<15>          |   18.629|
a<3>           |c_out          |   17.459|
a<3>           |s<3>           |    6.388|
a<3>           |s<4>           |    7.446|
a<3>           |s<5>           |    8.069|
a<3>           |s<6>           |    8.253|
a<3>           |s<7>           |    9.606|
a<3>           |s<8>           |   11.100|
a<3>           |s<9>           |   10.971|
a<3>           |s<10>          |   12.277|
a<3>           |s<11>          |   12.778|
a<3>           |s<12>          |   14.317|
a<3>           |s<13>          |   15.921|
a<3>           |s<14>          |   16.263|
a<3>           |s<15>          |   17.832|
a<4>           |c_out          |   16.886|
a<4>           |s<4>           |    7.376|
a<4>           |s<5>           |    7.496|
a<4>           |s<6>           |    7.680|
a<4>           |s<7>           |    9.033|
a<4>           |s<8>           |   10.527|
a<4>           |s<9>           |   10.398|
a<4>           |s<10>          |   11.704|
a<4>           |s<11>          |   12.205|
a<4>           |s<12>          |   13.744|
a<4>           |s<13>          |   15.348|
a<4>           |s<14>          |   15.690|
a<4>           |s<15>          |   17.259|
a<5>           |c_out          |   16.322|
a<5>           |s<5>           |    6.511|
a<5>           |s<6>           |    7.116|
a<5>           |s<7>           |    8.469|
a<5>           |s<8>           |    9.963|
a<5>           |s<9>           |    9.834|
a<5>           |s<10>          |   11.140|
a<5>           |s<11>          |   11.641|
a<5>           |s<12>          |   13.180|
a<5>           |s<13>          |   14.784|
a<5>           |s<14>          |   15.126|
a<5>           |s<15>          |   16.695|
a<6>           |c_out          |   15.366|
a<6>           |s<6>           |    6.132|
a<6>           |s<7>           |    7.513|
a<6>           |s<8>           |    9.007|
a<6>           |s<9>           |    8.878|
a<6>           |s<10>          |   10.184|
a<6>           |s<11>          |   10.685|
a<6>           |s<12>          |   12.224|
a<6>           |s<13>          |   13.828|
a<6>           |s<14>          |   14.170|
a<6>           |s<15>          |   15.739|
a<7>           |c_out          |   14.256|
a<7>           |s<7>           |    6.430|
a<7>           |s<8>           |    7.897|
a<7>           |s<9>           |    7.768|
a<7>           |s<10>          |    9.074|
a<7>           |s<11>          |    9.575|
a<7>           |s<12>          |   11.114|
a<7>           |s<13>          |   12.718|
a<7>           |s<14>          |   13.060|
a<7>           |s<15>          |   14.629|
a<8>           |c_out          |   13.656|
a<8>           |s<8>           |    6.900|
a<8>           |s<9>           |    7.168|
a<8>           |s<10>          |    8.474|
a<8>           |s<11>          |    8.975|
a<8>           |s<12>          |   10.514|
a<8>           |s<13>          |   12.118|
a<8>           |s<14>          |   12.460|
a<8>           |s<15>          |   14.029|
a<9>           |c_out          |   13.074|
a<9>           |s<9>           |    6.467|
a<9>           |s<10>          |    7.892|
a<9>           |s<11>          |    8.393|
a<9>           |s<12>          |    9.932|
a<9>           |s<13>          |   11.536|
a<9>           |s<14>          |   11.878|
a<9>           |s<15>          |   13.447|
a<10>          |c_out          |   12.011|
a<10>          |s<10>          |    6.390|
a<10>          |s<11>          |    7.330|
a<10>          |s<12>          |    8.869|
a<10>          |s<13>          |   10.473|
a<10>          |s<14>          |   10.815|
a<10>          |s<15>          |   12.384|
a<11>          |c_out          |   10.858|
a<11>          |s<11>          |    6.360|
a<11>          |s<12>          |    7.716|
a<11>          |s<13>          |    9.320|
a<11>          |s<14>          |    9.662|
a<11>          |s<15>          |   11.231|
a<12>          |c_out          |    9.733|
a<12>          |s<12>          |    6.743|
a<12>          |s<13>          |    8.195|
a<12>          |s<14>          |    8.537|
a<12>          |s<15>          |   10.106|
a<13>          |c_out          |    9.131|
a<13>          |s<13>          |    7.437|
a<13>          |s<14>          |    7.935|
a<13>          |s<15>          |    9.504|
a<14>          |c_out          |    7.680|
a<14>          |s<14>          |    6.484|
a<14>          |s<15>          |    8.053|
a<15>          |c_out          |    7.285|
a<15>          |s<15>          |    7.159|
b<0>           |c_out          |   21.000|
b<0>           |s<0>           |    6.394|
b<0>           |s<1>           |    7.442|
b<0>           |s<2>           |    8.923|
b<0>           |s<3>           |    9.944|
b<0>           |s<4>           |   10.987|
b<0>           |s<5>           |   11.610|
b<0>           |s<6>           |   11.794|
b<0>           |s<7>           |   13.147|
b<0>           |s<8>           |   14.641|
b<0>           |s<9>           |   14.512|
b<0>           |s<10>          |   15.818|
b<0>           |s<11>          |   16.319|
b<0>           |s<12>          |   17.858|
b<0>           |s<13>          |   19.462|
b<0>           |s<14>          |   19.804|
b<0>           |s<15>          |   21.373|
b<1>           |c_out          |   19.523|
b<1>           |s<1>           |    5.938|
b<1>           |s<2>           |    7.446|
b<1>           |s<3>           |    8.467|
b<1>           |s<4>           |    9.510|
b<1>           |s<5>           |   10.133|
b<1>           |s<6>           |   10.317|
b<1>           |s<7>           |   11.670|
b<1>           |s<8>           |   13.164|
b<1>           |s<9>           |   13.035|
b<1>           |s<10>          |   14.341|
b<1>           |s<11>          |   14.842|
b<1>           |s<12>          |   16.381|
b<1>           |s<13>          |   17.985|
b<1>           |s<14>          |   18.327|
b<1>           |s<15>          |   19.896|
b<2>           |c_out          |   18.860|
b<2>           |s<2>           |    6.350|
b<2>           |s<3>           |    7.804|
b<2>           |s<4>           |    8.847|
b<2>           |s<5>           |    9.470|
b<2>           |s<6>           |    9.654|
b<2>           |s<7>           |   11.007|
b<2>           |s<8>           |   12.501|
b<2>           |s<9>           |   12.372|
b<2>           |s<10>          |   13.678|
b<2>           |s<11>          |   14.179|
b<2>           |s<12>          |   15.718|
b<2>           |s<13>          |   17.322|
b<2>           |s<14>          |   17.664|
b<2>           |s<15>          |   19.233|
b<3>           |c_out          |   17.513|
b<3>           |s<3>           |    6.333|
b<3>           |s<4>           |    7.500|
b<3>           |s<5>           |    8.123|
b<3>           |s<6>           |    8.307|
b<3>           |s<7>           |    9.660|
b<3>           |s<8>           |   11.154|
b<3>           |s<9>           |   11.025|
b<3>           |s<10>          |   12.331|
b<3>           |s<11>          |   12.832|
b<3>           |s<12>          |   14.371|
b<3>           |s<13>          |   15.975|
b<3>           |s<14>          |   16.317|
b<3>           |s<15>          |   17.886|
b<4>           |c_out          |   17.105|
b<4>           |s<4>           |    7.361|
b<4>           |s<5>           |    7.715|
b<4>           |s<6>           |    7.899|
b<4>           |s<7>           |    9.252|
b<4>           |s<8>           |   10.746|
b<4>           |s<9>           |   10.617|
b<4>           |s<10>          |   11.923|
b<4>           |s<11>          |   12.424|
b<4>           |s<12>          |   13.963|
b<4>           |s<13>          |   15.567|
b<4>           |s<14>          |   15.909|
b<4>           |s<15>          |   17.478|
b<5>           |c_out          |   15.904|
b<5>           |s<5>           |    5.834|
b<5>           |s<6>           |    6.698|
b<5>           |s<7>           |    8.051|
b<5>           |s<8>           |    9.545|
b<5>           |s<9>           |    9.416|
b<5>           |s<10>          |   10.722|
b<5>           |s<11>          |   11.223|
b<5>           |s<12>          |   12.762|
b<5>           |s<13>          |   14.366|
b<5>           |s<14>          |   14.708|
b<5>           |s<15>          |   16.277|
b<6>           |c_out          |   14.814|
b<6>           |s<6>           |    5.728|
b<6>           |s<7>           |    6.961|
b<6>           |s<8>           |    8.455|
b<6>           |s<9>           |    8.326|
b<6>           |s<10>          |    9.632|
b<6>           |s<11>          |   10.133|
b<6>           |s<12>          |   11.672|
b<6>           |s<13>          |   13.276|
b<6>           |s<14>          |   13.618|
b<6>           |s<15>          |   15.187|
b<7>           |c_out          |   14.179|
b<7>           |s<7>           |    6.303|
b<7>           |s<8>           |    7.820|
b<7>           |s<9>           |    7.691|
b<7>           |s<10>          |    8.997|
b<7>           |s<11>          |    9.498|
b<7>           |s<12>          |   11.037|
b<7>           |s<13>          |   12.641|
b<7>           |s<14>          |   12.983|
b<7>           |s<15>          |   14.552|
b<8>           |c_out          |   12.777|
b<8>           |s<8>           |    6.366|
b<8>           |s<9>           |    6.289|
b<8>           |s<10>          |    7.595|
b<8>           |s<11>          |    8.096|
b<8>           |s<12>          |    9.635|
b<8>           |s<13>          |   11.239|
b<8>           |s<14>          |   11.581|
b<8>           |s<15>          |   13.150|
b<9>           |c_out          |   12.457|
b<9>           |s<9>           |    5.625|
b<9>           |s<10>          |    7.275|
b<9>           |s<11>          |    7.776|
b<9>           |s<12>          |    9.315|
b<9>           |s<13>          |   10.919|
b<9>           |s<14>          |   11.261|
b<9>           |s<15>          |   12.830|
b<10>          |c_out          |   11.435|
b<10>          |s<10>          |    5.814|
b<10>          |s<11>          |    6.754|
b<10>          |s<12>          |    8.293|
b<10>          |s<13>          |    9.897|
b<10>          |s<14>          |   10.239|
b<10>          |s<15>          |   11.808|
b<11>          |c_out          |   10.336|
b<11>          |s<11>          |    5.711|
b<11>          |s<12>          |    7.194|
b<11>          |s<13>          |    8.798|
b<11>          |s<14>          |    9.140|
b<11>          |s<15>          |   10.709|
b<12>          |c_out          |    8.880|
b<12>          |s<12>          |    5.722|
b<12>          |s<13>          |    7.342|
b<12>          |s<14>          |    7.684|
b<12>          |s<15>          |    9.253|
b<13>          |c_out          |    8.683|
b<13>          |s<13>          |    6.626|
b<13>          |s<14>          |    7.487|
b<13>          |s<15>          |    9.056|
b<14>          |c_out          |    7.035|
b<14>          |s<14>          |    5.839|
b<14>          |s<15>          |    7.408|
b<15>          |c_out          |    6.341|
b<15>          |s<15>          |    6.374|
c_in           |c_out          |   20.497|
c_in           |s<0>           |    6.472|
c_in           |s<1>           |    6.939|
c_in           |s<2>           |    8.420|
c_in           |s<3>           |    9.441|
c_in           |s<4>           |   10.484|
c_in           |s<5>           |   11.107|
c_in           |s<6>           |   11.291|
c_in           |s<7>           |   12.644|
c_in           |s<8>           |   14.138|
c_in           |s<9>           |   14.009|
c_in           |s<10>          |   15.315|
c_in           |s<11>          |   15.816|
c_in           |s<12>          |   17.355|
c_in           |s<13>          |   18.959|
c_in           |s<14>          |   19.301|
c_in           |s<15>          |   20.870|
---------------+---------------+---------+


Analysis completed Sat Sep 28 14:24:02 2019 
--------------------------------------------------------------------------------

Trace Settings:
-------------------------
Trace Settings 

Peak Memory Usage: 347 MB



